
> wedding-invitation@0.1.0 build
> next build

▲ Next.js 16.1.1 (Turbopack)
- Environments: .env.local
- Experiments (use with caution):
  · optimizePackageImports
  · serverActions

  Creating an optimized production build ...
✓ Compiled successfully in 3.5s
  Running TypeScript ...
  Collecting page data using 11 workers ...
  Generating static pages using 11 workers (0/14) ...
  Generating static pages using 11 workers (3/14) 
  Generating static pages using 11 workers (6/14) 
  Generating static pages using 11 workers (10/14) 
✓ Generating static pages using 11 workers (14/14) in 302.9ms
  Finalizing page optimization ...

Route (app)
┌ ○ /
├ ○ /_not-found
├ ○ /(.)login
├ ○ /builder
├ ○ /icon.png
├ ○ /login
├ ○ /manifest.webmanifest
├ ○ /mypage
├ ○ /preview
├ ○ /privacy
├ ○ /robots.txt
├ ○ /sitemap.xml
└ ƒ /v/[slug]


○  (Static)   prerendered as static content
ƒ  (Dynamic)  server-rendered on demand

