src/app/design-system/DesignSystemClient.tsx(361,105): error TS2322: Type '{ label: string; placeholder: string; helperText: string; }' is not assignable to type 'IntrinsicAttributes & TextFieldProps & RefAttributes<HTMLInputElement | HTMLTextAreaElement>'.
  Property 'helperText' does not exist on type 'IntrinsicAttributes & TextFieldProps & RefAttributes<HTMLInputElement | HTMLTextAreaElement>'. Did you mean 'helpText'?
src/app/design-system/DesignSystemClient.tsx(362,100): error TS2322: Type '{ label: string; placeholder: string; error: string; }' is not assignable to type 'IntrinsicAttributes & TextFieldProps & RefAttributes<HTMLInputElement | HTMLTextAreaElement>'.
  Property 'error' does not exist on type 'IntrinsicAttributes & TextFieldProps & RefAttributes<HTMLInputElement | HTMLTextAreaElement>'. Did you mean 'onError'?
src/app/design-system/DesignSystemClient.tsx(369,68): error TS2322: Type '{ label: string; description: string; }' is not assignable to type 'IntrinsicAttributes & SwitchProps'.
  Property 'description' does not exist on type 'IntrinsicAttributes & SwitchProps'.
src/app/design-system/DesignSystemClient.tsx(405,74): error TS2322: Type 'Date' is not assignable to type 'string'.
src/app/design-system/DesignSystemClient.tsx(405,101): error TS2322: Type 'Dispatch<SetStateAction<Date | undefined>>' is not assignable to type '(value: string) => void'.
  Types of parameters 'value' and 'value' are incompatible.
    Type 'string' is not assignable to type 'SetStateAction<Date | undefined>'.
src/app/design-system/DesignSystemClient.tsx(406,53): error TS2322: Type '{ label: string; value: string; onChange: () => void; }' is not assignable to type 'IntrinsicAttributes & TimePickerProps'.
  Property 'label' does not exist on type 'IntrinsicAttributes & TimePickerProps'.
